// Jest Snapshot v1, https://goo.gl/fbAQLP

exports[`ArtilcList renders correctly 1`] = `ShallowWrapper {}`;
